# Wharfedale Aura 2 — FRD коррекционный файл
# =====================================================
# Источник: on-axis graph Erin's Audio Corner (Klippel NFS, Jan 2024)
#
# 96 точек. Шаг сетки:
#   20–60 Гц    : ~2–3 Гц   (быстрый спад ФИ)
#   60–250 Гц   : ~10–20 Гц (хвост НЧ)
#   250–650 Гц  : ~30–50 Гц (горб кроссовера НЧ/СЧ)
#   650–1050 Гц : ~50 Гц    (провал СЧ)
#   1050–2200 Гц: ~100 Гц   (горб GF breakup)
#   2200–4000 Гц: ~200–300 Гц (спад к нулю)
#   4000–10000  : ~500 Гц   (ровная зона AMT)
#   10000–16000 : ~500 Гц   (breakup AMT, острый пик)
#   16000–20000 : ~1000 Гц  (спад AMT)
#
# СЛОИ:
# [1] НЧ  20–250 Гц : порт-рефлекс SLPP, якоря Erin
# [2] СЧ 250–4000 Гц: Erin + физ. слой GF-конуса (η=0.06 vs Mg η=0.002)
#     горб 300–500 Гц: +0.7 дБ (кроссовер НЧ/СЧ)
#     провал 700–900 Гц: -0.5 дБ
#     горб 1200–1800 Гц: +1.3 дБ (GF breakup + кроссовер СЧ/ВЧ)
#     Onkyo Monitor 100R (Mg купол): ровно в этой зоне — горб целиком от GF
# [3] ВЧ 4000–20000 Гц: только Erin, AMT 27x90мм
#     ровно 4–10 кГц; breakup: +3.8 дБ @ 14000 Гц
# Hz        dB      deg
# --- [1] НЧ: порт-рефлекс SLPP ---
20.0         -27.00   0
22.0         -24.50   0
25.0         -21.00   0
28.0         -18.00   0
30.0         -16.00   0
32.0         -13.50   0
35.0         -10.50   0
38.8          -6.00   0
40.0          -5.40   0
42.0          -4.80   0
45.0          -4.20   0
48.0          -3.80   0
50.0          -3.50   0
53.0          -3.20   0
56.4          -3.00   0
60.0          -2.70   0
65.0          -2.50   0
70.0          -2.20   0
75.0          -2.10   0
80.0          -2.00   0
90.0          -1.80   0
100.0         -1.50   0
110.0         -1.30   0
120.0         -1.20   0
130.0         -1.00   0
150.0         -0.90   0
170.0         -0.70   0
200.0         -0.50   0
220.0         -0.30   0
# --- [2] СЧ: Erin + физ. слой GF-конуса ---
250.0         -0.20   0
280.0         +0.10   0
300.0         +0.30   0
330.0         +0.50   0
360.0         +0.60   0
400.0         +0.70   0
440.0         +0.70   0
480.0         +0.60   0
500.0         +0.50   0
550.0         +0.40   0
600.0         +0.20   0
650.0         +0.00   0
700.0         -0.30   0
750.0         -0.40   0
800.0         -0.50   0
850.0         -0.40   0
900.0         -0.30   0
950.0         -0.10   0
1000.0        +0.00   0
1050.0        +0.20   0
1100.0        +0.40   0
1150.0        +0.60   0
1200.0        +0.80   0
1300.0        +1.00   0
1400.0        +1.20   0
1500.0        +1.30   0
1600.0        +1.20   0
1700.0        +1.10   0
1800.0        +1.00   0
1900.0        +0.70   0
2000.0        +0.40   0
2200.0        +0.20   0
2500.0        +0.00   0
2800.0        -0.20   0
3000.0        -0.30   0
3200.0        -0.20   0
3500.0        -0.10   0
3800.0        +0.00   0
# --- [3] ВЧ: AMT 27x90мм (только Erin) ---
4000.0        +0.00   0
4500.0        +0.10   0
5000.0        +0.20   0
5500.0        +0.20   0
6000.0        +0.10   0
6500.0        +0.10   0
7000.0        +0.00   0
7500.0        +0.00   0
8000.0        +0.10   0
8500.0        +0.10   0
9000.0        +0.20   0
9500.0        +0.30   0
10000.0       +0.50   0
10500.0       +0.80   0
11000.0       +1.20   0
11500.0       +1.70   0
12000.0       +2.30   0
12500.0       +2.90   0
13000.0       +3.30   0
13500.0       +3.60   0
14000.0       +3.80   0
14500.0       +3.20   0
15000.0       +2.00   0
15500.0       +0.80   0
16000.0       -0.30   0
17000.0       -0.70   0
18000.0       -1.00   0
19000.0       -1.00   0
20000.0       -1.00   0
